// Jest Snapshot v1, https://goo.gl/fbAQLP

exports[`should take a snapshot 1`] = `
<body>
  <div>
    <li
      class="list-group-item"
      data-testid="list-item"
    >
      item1
    </li>
  </div>
</body>
`;
