// Jest Snapshot v1, https://goo.gl/fbAQLP

exports[`should take a snapshot 1`] = `
<body>
  <div>
    <h3
      data-testid="title"
    />
  </div>
</body>
`;
