// Jest Snapshot v1, https://goo.gl/fbAQLP

exports[`should take a snapshot 1`] = `
<body>
  <div>
    <input
      class="form-control"
      data-testid="input-text"
      type="text"
      value=""
    />
  </div>
</body>
`;
